[d29u17ylf1ylz9.cloudfront.net/blazen-v1.html]
[backblue.gif]
[fade.gif]
[index.html]
[d29u17ylf1ylz9.cloudfront.net/p2/img/favicon.ico]
[maxcdn.bootstrapcdn.com/bootstrap/4.0.0/css/bootstrap.min.css]
[d29u17ylf1ylz9.cloudfront.net/p2/css/font-awesome.min.css]
[d29u17ylf1ylz9.cloudfront.net/p2/css/et-line.css]
[d29u17ylf1ylz9.cloudfront.net/p2/css/plugins.css]
[d29u17ylf1ylz9.cloudfront.net/p2/style.css]
[d29u17ylf1ylz9.cloudfront.net/p2/css/responsive.css]
[d29u17ylf1ylz9.cloudfront.net/p2/js/vendor/modernizr-2.8.3.min.js]
[d29u17ylf1ylz9.cloudfront.net/p2/img/blazen/logo.png]
[d29u17ylf1ylz9.cloudfront.net/p2/img/blazen/logo-dark.png]
[d29u17ylf1ylz9.cloudfront.net/p2/img/blazen/hero-bg.jpg]
[d29u17ylf1ylz9.cloudfront.net/blazen-v1/index.html]
[d29u17ylf1ylz9.cloudfront.net/p2/img/blazen/demo/index.png]
[d29u17ylf1ylz9.cloudfront.net/blazen-v1/index-2.html]
[d29u17ylf1ylz9.cloudfront.net/p2/img/blazen/demo/index-2.png]
[d29u17ylf1ylz9.cloudfront.net/blazen-v1/index-single-banner.html]
[d29u17ylf1ylz9.cloudfront.net/blazen-v1/index-parallax.html]
[d29u17ylf1ylz9.cloudfront.net/blazen-v1/about-us.html]
[d29u17ylf1ylz9.cloudfront.net/p2/img/blazen/demo/about.png]
[d29u17ylf1ylz9.cloudfront.net/blazen-v1/schedule.html]
[d29u17ylf1ylz9.cloudfront.net/p2/img/blazen/demo/schedule.png]
[d29u17ylf1ylz9.cloudfront.net/blazen-v1/portfolio-gallery.html]
[d29u17ylf1ylz9.cloudfront.net/p2/img/blazen/demo/portfolio-gallery.png]
[d29u17ylf1ylz9.cloudfront.net/blazen-v1/portfolio-gallery-2.html]
[d29u17ylf1ylz9.cloudfront.net/p2/img/blazen/demo/portfolio-gallery-2.png]
[d29u17ylf1ylz9.cloudfront.net/blazen-v1/speakers.html]
[d29u17ylf1ylz9.cloudfront.net/p2/img/blazen/demo/speakers.png]
[d29u17ylf1ylz9.cloudfront.net/blazen-v1/blog.html]
[d29u17ylf1ylz9.cloudfront.net/p2/img/blazen/demo/blog.png]
[d29u17ylf1ylz9.cloudfront.net/blazen-v1/blog-rightsidebar.html]
[d29u17ylf1ylz9.cloudfront.net/p2/img/blazen/demo/blog-rightsidebar.png]
[d29u17ylf1ylz9.cloudfront.net/blazen-v1/blog-details.html]
[d29u17ylf1ylz9.cloudfront.net/p2/img/blazen/demo/blog-details.png]
[d29u17ylf1ylz9.cloudfront.net/blazen-v1/blog-details-leftsidebar.html]
[d29u17ylf1ylz9.cloudfront.net/p2/img/blazen/demo/blog-details-left-sidebar.png]
[d29u17ylf1ylz9.cloudfront.net/blazen-v1/faq.html]
[d29u17ylf1ylz9.cloudfront.net/p2/img/blazen/demo/faq.png]
[d29u17ylf1ylz9.cloudfront.net/blazen-v1/contact-us.html]
[d29u17ylf1ylz9.cloudfront.net/p2/img/blazen/demo/contact.png]
[d29u17ylf1ylz9.cloudfront.net/blazen-v1/404.html]
[d29u17ylf1ylz9.cloudfront.net/p2/img/blazen/demo/404.png]
[s3.envato.com/files/236538266/preview-html.__large_preview.png]
[s3.envato.com/files/246110296/01_truemart-preview_image.__large_preview.png]
[s3.envato.com/files/224050639/preview.__large_preview.jpg]
[s3.envato.com/files/220520052/privew-image.__large_preview.jpg]
[s3.envato.com/files/240726505/preview.__large_preview.jpg]
[s3.envato.com/files/232081546/rong-preview.__large_preview.jpg]
[d29u17ylf1ylz9.cloudfront.net/p2/js/vendor/jquery-3.1.1.min.js]
[cdnjs.cloudflare.com/ajax/libs/popper.js/1.12.9/umd/popper.min.js]
[maxcdn.bootstrapcdn.com/bootstrap/4.0.0/js/bootstrap.min.js]
[d29u17ylf1ylz9.cloudfront.net/p2/js/plugins.js]
[d29u17ylf1ylz9.cloudfront.net/p2/js/ajax-mail.js]
[d29u17ylf1ylz9.cloudfront.net/p2/js/main.js]
[d29u17ylf1ylz9.cloudfront.net/blazen-v1.html]
[maxcdn.bootstrapcdn.com/bootstrap/4.0.0/css/bootstrap.min.css]
[d29u17ylf1ylz9.cloudfront.net/p2/fonts/fontawesome-webfont3e6e.eot]
[d29u17ylf1ylz9.cloudfront.net/p2/fonts/fontawesome-webfontd41d.eot]
[d29u17ylf1ylz9.cloudfront.net/p2/fonts/fontawesome-webfont3e6e.woff2]
[d29u17ylf1ylz9.cloudfront.net/p2/fonts/fontawesome-webfont3e6e.woff]
[d29u17ylf1ylz9.cloudfront.net/p2/fonts/fontawesome-webfont3e6e.ttf]
[d29u17ylf1ylz9.cloudfront.net/p2/css/font-awesome.min.css]
[d29u17ylf1ylz9.cloudfront.net/p2/fonts/et-line.eot]
[d29u17ylf1ylz9.cloudfront.net/p2/fonts/et-lined41d.eot]
[d29u17ylf1ylz9.cloudfront.net/p2/fonts/et-line.woff]
[d29u17ylf1ylz9.cloudfront.net/p2/fonts/et-line.ttf]
[d29u17ylf1ylz9.cloudfront.net/p2/fonts/fontawesome-webfont3e6e.svg]
[d29u17ylf1ylz9.cloudfront.net/p2/css/et-line.css]
[d29u17ylf1ylz9.cloudfront.net/p2/css/plugins.css]
[d29u17ylf1ylz9.cloudfront.net/p2/style.css]
[d29u17ylf1ylz9.cloudfront.net/p2/css/responsive.css]
[d29u17ylf1ylz9.cloudfront.net/blazen.html]
[d29u17ylf1ylz9.cloudfront.net/blazen-v1/images/favicon.ico]
[d29u17ylf1ylz9.cloudfront.net/blazen-v1/images/icon.png]
[d29u17ylf1ylz9.cloudfront.net/blazen-v1/css/bootstrap.min.css]
[d29u17ylf1ylz9.cloudfront.net/p2/fonts/et-line.svg]
[d29u17ylf1ylz9.cloudfront.net/blazen-v1/style.css]
[d29u17ylf1ylz9.cloudfront.net/blazen-v1/js/vendor/modernizr-3.5.0.min.js]
[d29u17ylf1ylz9.cloudfront.net/blazen-v1/images/logo/logo-theme.png]
[d29u17ylf1ylz9.cloudfront.net/blazen-v1/images/icons/about-icon.png]
[d29u17ylf1ylz9.cloudfront.net/blazen-v1/images/authors/author-thumb-1.jpg]
[d29u17ylf1ylz9.cloudfront.net/blazen-v1/images/authors/author-thumb-2.jpg]
[d29u17ylf1ylz9.cloudfront.net/blazen-v1/images/authors/author-thumb-3.jpg]
[d29u17ylf1ylz9.cloudfront.net/blazen-v1/images/authors/author-thumb-4.jpg]
[d29u17ylf1ylz9.cloudfront.net/blazen-v1/images/portfolio/lg-size/portfolio-image-large-1.jpg]
[d29u17ylf1ylz9.cloudfront.net/blazen-v1/images/portfolio/portfolio-image-1.jpg]
[d29u17ylf1ylz9.cloudfront.net/blazen-v1/images/portfolio/lg-size/portfolio-image-large-2.jpg]
[d29u17ylf1ylz9.cloudfront.net/blazen-v1/images/portfolio/portfolio-image-2.jpg]
[d29u17ylf1ylz9.cloudfront.net/blazen-v1/images/portfolio/lg-size/portfolio-image-large-3.jpg]
[d29u17ylf1ylz9.cloudfront.net/blazen-v1/images/portfolio/portfolio-image-3.jpg]
[d29u17ylf1ylz9.cloudfront.net/blazen-v1/images/portfolio/lg-size/portfolio-image-large-4.jpg]
[d29u17ylf1ylz9.cloudfront.net/blazen-v1/images/portfolio/portfolio-image-4.jpg]
[d29u17ylf1ylz9.cloudfront.net/blazen-v1/images/portfolio/lg-size/portfolio-image-large-5.jpg]
[d29u17ylf1ylz9.cloudfront.net/blazen-v1/images/portfolio/portfolio-image-5.jpg]
[d29u17ylf1ylz9.cloudfront.net/blazen-v1/images/portfolio/lg-size/portfolio-image-large-6.jpg]
[d29u17ylf1ylz9.cloudfront.net/blazen-v1/images/portfolio/portfolio-image-6.jpg]
[d29u17ylf1ylz9.cloudfront.net/blazen-v1/images/portfolio/lg-size/portfolio-image-large-7.jpg]
[d29u17ylf1ylz9.cloudfront.net/blazen-v1/images/portfolio/portfolio-image-7.jpg]
[d29u17ylf1ylz9.cloudfront.net/blazen-v1/images/portfolio/lg-size/portfolio-image-large-8.jpg]
[d29u17ylf1ylz9.cloudfront.net/blazen-v1/images/portfolio/portfolio-image-8.jpg]
[d29u17ylf1ylz9.cloudfront.net/blazen-v1/images/events/upcoming-events/event-thumb-1.jpg]
[d29u17ylf1ylz9.cloudfront.net/blazen-v1/images/events/upcoming-events/event-thumb-2.jpg]
[d29u17ylf1ylz9.cloudfront.net/blazen-v1/images/events/upcoming-events/event-thumb-3.jpg]
[d29u17ylf1ylz9.cloudfront.net/blazen-v1/images/events/upcoming-events/event-thumb-4.jpg]
[d29u17ylf1ylz9.cloudfront.net/blazen-v1/images/events/upcoming-events/event-thumb-5.jpg]
[d29u17ylf1ylz9.cloudfront.net/blazen-v1/images/events/upcoming-events/event-thumb-6.jpg]
[d29u17ylf1ylz9.cloudfront.net/blazen-v1/images/events/upcoming-events/event-thumb-7.jpg]
[d29u17ylf1ylz9.cloudfront.net/blazen-v1/images/events/upcoming-events/event-thumb-8.jpg]
[d29u17ylf1ylz9.cloudfront.net/blazen-v1/images/events/upcoming-events/event-thumb-9.jpg]
[d29u17ylf1ylz9.cloudfront.net/blazen-v1/images/events/upcoming-events/event-thumb-10.jpg]
[d29u17ylf1ylz9.cloudfront.net/blazen-v1/images/events/small-events/small-event-thumb-1.png]
[d29u17ylf1ylz9.cloudfront.net/blazen-v1/images/events/small-events/small-event-thumb-2.png]
[d29u17ylf1ylz9.cloudfront.net/blazen-v1/js/vendor/jquery-3.2.1.min.js]
[d29u17ylf1ylz9.cloudfront.net/blazen-v1/js/popper.min.js]
[d29u17ylf1ylz9.cloudfront.net/blazen-v1/js/bootstrap.min.js]
[d29u17ylf1ylz9.cloudfront.net/blazen-v1/js/plugins.js]
[d29u17ylf1ylz9.cloudfront.net/blazen-v1/js/active.js]
[d29u17ylf1ylz9.cloudfront.net/blazen-v1/index.html]
[d29u17ylf1ylz9.cloudfront.net/blazen-v1/js/scripts.js]
[d29u17ylf1ylz9.cloudfront.net/blazen-v1/css/color-variations.css]
[d29u17ylf1ylz9.cloudfront.net/blazen-v1/images/logo/logo-white.png]
[d29u17ylf1ylz9.cloudfront.net/blazen-v1/images/others/welcome-car.png]
[d29u17ylf1ylz9.cloudfront.net/blazen-v1/images/portfolio2/lg-size/portfolio-style-2-image-1.jpg]
[d29u17ylf1ylz9.cloudfront.net/blazen-v1/images/portfolio2/portfolio-style-2-image-1.jpg]
[d29u17ylf1ylz9.cloudfront.net/blazen-v1/images/portfolio2/lg-size/portfolio-style-2-image-2.jpg]
[d29u17ylf1ylz9.cloudfront.net/blazen-v1/images/portfolio2/portfolio-style-2-image-2.jpg]
[d29u17ylf1ylz9.cloudfront.net/blazen-v1/images/portfolio2/lg-size/portfolio-style-2-image-3.jpg]
[d29u17ylf1ylz9.cloudfront.net/blazen-v1/images/portfolio2/portfolio-style-2-image-3.jpg]
[d29u17ylf1ylz9.cloudfront.net/blazen-v1/images/portfolio2/lg-size/portfolio-style-2-image-4.jpg]
[d29u17ylf1ylz9.cloudfront.net/blazen-v1/images/portfolio2/portfolio-style-2-image-4.jpg]
[d29u17ylf1ylz9.cloudfront.net/blazen-v1/images/portfolio2/lg-size/portfolio-style-2-image-5.jpg]
[d29u17ylf1ylz9.cloudfront.net/blazen-v1/images/portfolio2/portfolio-style-2-image-5.jpg]
[d29u17ylf1ylz9.cloudfront.net/blazen-v1/images/portfolio2/lg-size/portfolio-style-2-image-6.jpg]
[d29u17ylf1ylz9.cloudfront.net/blazen-v1/images/portfolio2/portfolio-style-2-image-6.jpg]
[d29u17ylf1ylz9.cloudfront.net/blazen-v1/images/portfolio2/lg-size/portfolio-style-2-image-7.jpg]
[d29u17ylf1ylz9.cloudfront.net/blazen-v1/images/portfolio2/portfolio-style-2-image-7.jpg]
[d29u17ylf1ylz9.cloudfront.net/blazen-v1/images/portfolio2/lg-size/portfolio-style-2-image-8.jpg]
[d29u17ylf1ylz9.cloudfront.net/blazen-v1/images/portfolio2/portfolio-style-2-image-8.jpg]
[d29u17ylf1ylz9.cloudfront.net/blazen-v1/images/portfolio2/lg-size/portfolio-style-2-image-9.jpg]
[d29u17ylf1ylz9.cloudfront.net/blazen-v1/images/portfolio2/portfolio-style-2-image-9.jpg]
[d29u17ylf1ylz9.cloudfront.net/blazen-v1/images/brand-logos/brand-logo-1.png]
[d29u17ylf1ylz9.cloudfront.net/blazen-v1/images/brand-logos/brand-logo-2.png]
[d29u17ylf1ylz9.cloudfront.net/blazen-v1/images/brand-logos/brand-logo-3.png]
[d29u17ylf1ylz9.cloudfront.net/blazen-v1/images/brand-logos/brand-logo-4.png]
[d29u17ylf1ylz9.cloudfront.net/blazen-v1/images/brand-logos/brand-logo-5.png]
[d29u17ylf1ylz9.cloudfront.net/blazen-v1/images/brand-logos/brand-logo-6.png]
[d29u17ylf1ylz9.cloudfront.net/blazen-v1/images/brand-logos/brand-logo-7.png]
[d29u17ylf1ylz9.cloudfront.net/blazen-v1/images/brand-logos/brand-logo-8.png]
[d29u17ylf1ylz9.cloudfront.net/blazen-v1/images/brand-logos/brand-logo-9.png]
[d29u17ylf1ylz9.cloudfront.net/blazen-v1/images/brand-logos/brand-logo-10.png]
[d29u17ylf1ylz9.cloudfront.net/blazen-v1/images/bg/self-info-image.jpg]
[d29u17ylf1ylz9.cloudfront.net/blazen-v1/images/events/events/event-1.jpg]
[d29u17ylf1ylz9.cloudfront.net/blazen-v1/images/events/events/event-2.jpg]
[d29u17ylf1ylz9.cloudfront.net/blazen-v1/images/events/events/event-3.jpg]
[d29u17ylf1ylz9.cloudfront.net/blazen-v1/images/events/events/event-4.jpg]
[d29u17ylf1ylz9.cloudfront.net/blazen-v1/images/events/events/event-5.jpg]
[d29u17ylf1ylz9.cloudfront.net/blazen-v1/images/events/events/event-6.jpg]
[d29u17ylf1ylz9.cloudfront.net/blazen-v1/images/blog/blog-item-image-1.jpg]
[d29u17ylf1ylz9.cloudfront.net/blazen-v1/images/blog/blog-item-image-2.jpg]
[d29u17ylf1ylz9.cloudfront.net/blazen-v1/images/blog/blog-item-image-3.jpg]
[d29u17ylf1ylz9.cloudfront.net/blazen-v1/images/team-member/team-member-thumb-1.jpg]
[d29u17ylf1ylz9.cloudfront.net/blazen-v1/images/team-member/team-member-thumb-2.jpg]
[d29u17ylf1ylz9.cloudfront.net/blazen-v1/images/team-member/team-member-thumb-3.jpg]
[d29u17ylf1ylz9.cloudfront.net/blazen-v1/index-2.html]
[d29u17ylf1ylz9.cloudfront.net/blazen-v1/images/team-member/team-member-thumb-4.jpg]
[d29u17ylf1ylz9.cloudfront.net/blazen-v1/index-single-banner.html]
[d29u17ylf1ylz9.cloudfront.net/blazen-v1/index-parallax.html]
[d29u17ylf1ylz9.cloudfront.net/blazen-v1/images/others/about-page-image.jpg]
[d29u17ylf1ylz9.cloudfront.net/blazen-v1/about-us.html]
[d29u17ylf1ylz9.cloudfront.net/blazen-v1/images/others/about-page-skill-image.jpg]
[d29u17ylf1ylz9.cloudfront.net/blazen-v1/schedule.html]
[d29u17ylf1ylz9.cloudfront.net/blazen-v1/images/portfolio2/lg-size/portfolio-style-2-image-10.jpg]
[d29u17ylf1ylz9.cloudfront.net/blazen-v1/images/portfolio2/portfolio-style-2-image-10.jpg]
[d29u17ylf1ylz9.cloudfront.net/blazen-v1/images/portfolio2/lg-size/portfolio-style-2-image-11.jpg]
[d29u17ylf1ylz9.cloudfront.net/blazen-v1/images/portfolio2/portfolio-style-2-image-11.jpg]
[d29u17ylf1ylz9.cloudfront.net/blazen-v1/images/portfolio2/lg-size/portfolio-style-2-image-12.jpg]
[d29u17ylf1ylz9.cloudfront.net/blazen-v1/images/portfolio2/portfolio-style-2-image-12.jpg]
[d29u17ylf1ylz9.cloudfront.net/blazen-v1/images/portfolio2/lg-size/portfolio-style-2-image-13.jpg]
[d29u17ylf1ylz9.cloudfront.net/blazen-v1/images/portfolio2/portfolio-style-2-image-13.jpg]
[d29u17ylf1ylz9.cloudfront.net/blazen-v1/images/portfolio2/lg-size/portfolio-style-2-image-14.jpg]
[d29u17ylf1ylz9.cloudfront.net/blazen-v1/images/portfolio2/portfolio-style-2-image-14.jpg]
[d29u17ylf1ylz9.cloudfront.net/blazen-v1/images/portfolio2/lg-size/portfolio-style-2-image-15.jpg]
[d29u17ylf1ylz9.cloudfront.net/blazen-v1/images/portfolio2/portfolio-style-2-image-15.jpg]
[d29u17ylf1ylz9.cloudfront.net/blazen-v1/images/portfolio2/lg-size/portfolio-style-2-image-16.jpg]
[d29u17ylf1ylz9.cloudfront.net/blazen-v1/images/portfolio2/portfolio-style-2-image-16.jpg]
[d29u17ylf1ylz9.cloudfront.net/blazen-v1/images/portfolio2/lg-size/portfolio-style-2-image-17.jpg]
[d29u17ylf1ylz9.cloudfront.net/blazen-v1/images/portfolio2/portfolio-style-2-image-17.jpg]
[d29u17ylf1ylz9.cloudfront.net/blazen-v1/images/portfolio2/lg-size/portfolio-style-2-image-18.jpg]
[d29u17ylf1ylz9.cloudfront.net/blazen-v1/images/portfolio2/portfolio-style-2-image-18.jpg]
[d29u17ylf1ylz9.cloudfront.net/blazen-v1/images/portfolio2/lg-size/portfolio-style-2-image-19.jpg]
[d29u17ylf1ylz9.cloudfront.net/blazen-v1/images/portfolio2/portfolio-style-2-image-19.jpg]
[d29u17ylf1ylz9.cloudfront.net/blazen-v1/images/portfolio2/lg-size/portfolio-style-2-image-20.jpg]
[d29u17ylf1ylz9.cloudfront.net/blazen-v1/images/portfolio2/portfolio-style-2-image-20.jpg]
[d29u17ylf1ylz9.cloudfront.net/blazen-v1/images/portfolio2/lg-size/portfolio-style-2-image-21.jpg]
[d29u17ylf1ylz9.cloudfront.net/blazen-v1/images/portfolio2/portfolio-style-2-image-21.jpg]
[d29u17ylf1ylz9.cloudfront.net/blazen-v1/images/portfolio2/lg-size/portfolio-style-2-image-22.jpg]
[d29u17ylf1ylz9.cloudfront.net/blazen-v1/images/portfolio2/portfolio-style-2-image-22.jpg]
[d29u17ylf1ylz9.cloudfront.net/blazen-v1/images/portfolio2/lg-size/portfolio-style-2-image-23.jpg]
[d29u17ylf1ylz9.cloudfront.net/blazen-v1/images/portfolio2/portfolio-style-2-image-23.jpg]
[d29u17ylf1ylz9.cloudfront.net/blazen-v1/images/portfolio2/lg-size/portfolio-style-2-image-24.jpg]
[d29u17ylf1ylz9.cloudfront.net/blazen-v1/images/portfolio2/portfolio-style-2-image-24.jpg]
[d29u17ylf1ylz9.cloudfront.net/blazen-v1/images/portfolio2/lg-size/portfolio-style-2-image-25.jpg]
[d29u17ylf1ylz9.cloudfront.net/blazen-v1/images/portfolio2/portfolio-style-2-image-25.jpg]
[d29u17ylf1ylz9.cloudfront.net/blazen-v1/images/portfolio2/lg-size/portfolio-style-2-image-26.jpg]
[d29u17ylf1ylz9.cloudfront.net/blazen-v1/images/portfolio2/portfolio-style-2-image-26.jpg]
[d29u17ylf1ylz9.cloudfront.net/blazen-v1/images/portfolio2/lg-size/portfolio-style-2-image-27.jpg]
[d29u17ylf1ylz9.cloudfront.net/blazen-v1/images/portfolio2/portfolio-style-2-image-27.jpg]
[d29u17ylf1ylz9.cloudfront.net/blazen-v1/images/portfolio2/lg-size/portfolio-style-2-image-28.jpg]
[d29u17ylf1ylz9.cloudfront.net/blazen-v1/images/portfolio2/portfolio-style-2-image-28.jpg]
[d29u17ylf1ylz9.cloudfront.net/blazen-v1/images/portfolio2/lg-size/portfolio-style-2-image-29.jpg]
[d29u17ylf1ylz9.cloudfront.net/blazen-v1/images/portfolio2/portfolio-style-2-image-29.jpg]
[d29u17ylf1ylz9.cloudfront.net/blazen-v1/images/portfolio2/lg-size/portfolio-style-2-image-30.jpg]
[d29u17ylf1ylz9.cloudfront.net/blazen-v1/images/portfolio2/portfolio-style-2-image-30.jpg]
[d29u17ylf1ylz9.cloudfront.net/blazen-v1/images/portfolio2/lg-size/portfolio-style-2-image-31.jpg]
[d29u17ylf1ylz9.cloudfront.net/blazen-v1/images/portfolio2/portfolio-style-2-image-31.jpg]
[d29u17ylf1ylz9.cloudfront.net/blazen-v1/images/portfolio2/lg-size/portfolio-style-2-image-32.jpg]
[d29u17ylf1ylz9.cloudfront.net/blazen-v1/images/portfolio2/portfolio-style-2-image-32.jpg]
[d29u17ylf1ylz9.cloudfront.net/blazen-v1/portfolio-gallery.html]
[d29u17ylf1ylz9.cloudfront.net/blazen-v1/images/portfolio/lg-size/portfolio-image-large-9.jpg]
[d29u17ylf1ylz9.cloudfront.net/blazen-v1/images/portfolio/portfolio-image-9.jpg]
[d29u17ylf1ylz9.cloudfront.net/blazen-v1/images/portfolio/lg-size/portfolio-image-large-10.jpg]
[d29u17ylf1ylz9.cloudfront.net/blazen-v1/images/portfolio/portfolio-image-10.jpg]
[d29u17ylf1ylz9.cloudfront.net/blazen-v1/images/portfolio/lg-size/portfolio-image-large-11.jpg]
[d29u17ylf1ylz9.cloudfront.net/blazen-v1/images/portfolio/portfolio-image-11.jpg]
[d29u17ylf1ylz9.cloudfront.net/blazen-v1/images/portfolio/lg-size/portfolio-image-large-12.jpg]
[d29u17ylf1ylz9.cloudfront.net/blazen-v1/images/portfolio/portfolio-image-12.jpg]
[d29u17ylf1ylz9.cloudfront.net/blazen-v1/images/portfolio/lg-size/portfolio-image-large-13.jpg]
[d29u17ylf1ylz9.cloudfront.net/blazen-v1/images/portfolio/portfolio-image-13.jpg]
[d29u17ylf1ylz9.cloudfront.net/blazen-v1/images/portfolio/lg-size/portfolio-image-large-14.jpg]
[d29u17ylf1ylz9.cloudfront.net/blazen-v1/images/portfolio/portfolio-image-14.jpg]
[d29u17ylf1ylz9.cloudfront.net/blazen-v1/images/portfolio/lg-size/portfolio-image-large-15.jpg]
[d29u17ylf1ylz9.cloudfront.net/blazen-v1/images/portfolio/portfolio-image-15.jpg]
[d29u17ylf1ylz9.cloudfront.net/blazen-v1/images/portfolio/lg-size/portfolio-image-large-16.jpg]
[d29u17ylf1ylz9.cloudfront.net/blazen-v1/images/portfolio/portfolio-image-16.jpg]
[d29u17ylf1ylz9.cloudfront.net/blazen-v1/images/portfolio/lg-size/portfolio-image-large-17.jpg]
[d29u17ylf1ylz9.cloudfront.net/blazen-v1/images/portfolio/portfolio-image-17.jpg]
[d29u17ylf1ylz9.cloudfront.net/blazen-v1/images/portfolio/lg-size/portfolio-image-large-18.jpg]
[d29u17ylf1ylz9.cloudfront.net/blazen-v1/portfolio-gallery-2.html]
[d29u17ylf1ylz9.cloudfront.net/blazen-v1/images/portfolio/portfolio-image-18.jpg]
[d29u17ylf1ylz9.cloudfront.net/blazen-v1/images/team-member/team-member-thumb-5.jpg]
[d29u17ylf1ylz9.cloudfront.net/blazen-v1/images/team-member/team-member-thumb-6.jpg]
[d29u17ylf1ylz9.cloudfront.net/blazen-v1/images/team-member/team-member-thumb-7.jpg]
[d29u17ylf1ylz9.cloudfront.net/blazen-v1/images/team-member/team-member-thumb-8.jpg]
[d29u17ylf1ylz9.cloudfront.net/blazen-v1/images/team-member/team-member-thumb-9.jpg]
[d29u17ylf1ylz9.cloudfront.net/blazen-v1/images/team-member/team-member-thumb-10.jpg]
[d29u17ylf1ylz9.cloudfront.net/blazen-v1/images/team-member/team-member-thumb-11.jpg]
[d29u17ylf1ylz9.cloudfront.net/blazen-v1/images/team-member/team-member-thumb-12.jpg]
[d29u17ylf1ylz9.cloudfront.net/blazen-v1/speakers.html]
[d29u17ylf1ylz9.cloudfront.net/blazen-v1/images/blog/pg-blog/pg-blog-item-1.jpg]
[d29u17ylf1ylz9.cloudfront.net/blazen-v1/images/blog/pg-blog/pg-blog-item-2.jpg]
[d29u17ylf1ylz9.cloudfront.net/blazen-v1/blog.html]
[d29u17ylf1ylz9.cloudfront.net/blazen-v1/images/blog/widget/widget-most-popular-1.png]
[d29u17ylf1ylz9.cloudfront.net/blazen-v1/images/blog/widget/widget-most-popular-2.png]
[d29u17ylf1ylz9.cloudfront.net/blazen-v1/images/blog/widget/widget-most-popular-3.png]
[d29u17ylf1ylz9.cloudfront.net/blazen-v1/images/blog/widget/widget-most-popular-4.png]
[d29u17ylf1ylz9.cloudfront.net/blazen-v1/images/blog/widget/widget-most-popular-5.png]
[d29u17ylf1ylz9.cloudfront.net/blazen-v1/blog-rightsidebar.html]
[connect.facebook.net/en_US/sdk.js]
[d29u17ylf1ylz9.cloudfront.net/blazen-v1/images/blog/pg-blog/pg-blog-item-3.jpg]
[d29u17ylf1ylz9.cloudfront.net/blazen-v1/images/blog/pg-blog-author/pg-blog-author-thumb-1.jpg]
[d29u17ylf1ylz9.cloudfront.net/blazen-v1/images/blog/popular-post/blog-popular-post-thumb-1.jpg]
[d29u17ylf1ylz9.cloudfront.net/blazen-v1/images/blog/popular-post/blog-popular-post-thumb-2.jpg]
[d29u17ylf1ylz9.cloudfront.net/blazen-v1/images/blog/popular-post/blog-popular-post-thumb-3.jpg]
[d29u17ylf1ylz9.cloudfront.net/blazen-v1/images/blog/commenter/commenter-image-1.png]
[d29u17ylf1ylz9.cloudfront.net/blazen-v1/images/blog/commenter/commenter-image-2.png]
[d29u17ylf1ylz9.cloudfront.net/blazen-v1/images/blog/commenter/commenter-image-3.png]
[d29u17ylf1ylz9.cloudfront.net/blazen-v1/blog-details.html]
[d29u17ylf1ylz9.cloudfront.net/blazen-v1/blog-details-leftsidebar.html]
[d29u17ylf1ylz9.cloudfront.net/blazen-v1/faq.html]
[d29u17ylf1ylz9.cloudfront.net/blazen-v1/contact-us.html]
[d29u17ylf1ylz9.cloudfront.net/blazen-v1/js/ajax-mail.js]
[d29u17ylf1ylz9.cloudfront.net/blazen-v1/images/icons/404.png]
[d29u17ylf1ylz9.cloudfront.net/blazen-v1/404.html]
[d29u17ylf1ylz9.cloudfront.net/p2/fonts/fontawesome-webfont3e6e.svg]
[d29u17ylf1ylz9.cloudfront.net/p2/fonts/et-line.svg]
[d29u17ylf1ylz9.cloudfront.net/blazen-v1/css/bootstrap.min.css]
[d29u17ylf1ylz9.cloudfront.net/blazen-v1/css/plugins/fakeloader.css]
[d29u17ylf1ylz9.cloudfront.net/blazen-v1/css/plugins/font-awesome.min.css]
[d29u17ylf1ylz9.cloudfront.net/blazen-v1/css/plugins/slick.min.css]
[d29u17ylf1ylz9.cloudfront.net/blazen-v1/css/plugins/meanmenu.css]
[d29u17ylf1ylz9.cloudfront.net/blazen-v1/css/plugins/lightgallery.min.css]
[d29u17ylf1ylz9.cloudfront.net/blazen-v1/css/plugins/nice-select.css]
[d29u17ylf1ylz9.cloudfront.net/blazen-v1/css/plugins/pe-icon-7-stroke.css]
[d29u17ylf1ylz9.cloudfront.net/blazen-v1/css/plugins.css]
[d29u17ylf1ylz9.cloudfront.net/blazen-v1/css/plugins/odometer-theme-default.css]
[d29u17ylf1ylz9.cloudfront.net/blazen-v1/images/bg/bg-image-1.jpg]
[d29u17ylf1ylz9.cloudfront.net/blazen-v1/images/bg/bg-image-2.jpg]
[d29u17ylf1ylz9.cloudfront.net/blazen-v1/images/bg/bg-image-3.jpg]
[d29u17ylf1ylz9.cloudfront.net/blazen-v1/images/bg/bg-image-4.jpg]
[d29u17ylf1ylz9.cloudfront.net/blazen-v1/images/bg/bg-image-5.jpg]
[d29u17ylf1ylz9.cloudfront.net/blazen-v1/images/bg/bg-image-6.jpg]
[d29u17ylf1ylz9.cloudfront.net/blazen-v1/images/bg/bg-image-7.jpg]
[d29u17ylf1ylz9.cloudfront.net/blazen-v1/images/bg/bg-breadcrumb-1.jpg]
[d29u17ylf1ylz9.cloudfront.net/blazen-v1/images/bg/testimonial-bg.jpg]
[d29u17ylf1ylz9.cloudfront.net/blazen-v1/images/icons/testimonial-quote.png]
[d29u17ylf1ylz9.cloudfront.net/blazen-v1/style.css]
[d29u17ylf1ylz9.cloudfront.net/blazen-v1/css/custom.css]
[d29u17ylf1ylz9.cloudfront.net/blazen-v1/event-details.html]
[d29u17ylf1ylz9.cloudfront.net/blazen-v1/css/color-variations.css]
[connect.facebook.net/en_US/sdk.js]
[d29u17ylf1ylz9.cloudfront.net/blazen-v1/css/plugins/fakeloader.css]
[d29u17ylf1ylz9.cloudfront.net/blazen-v1/fonts/fontawesome-webfont3e6e.eot]
[d29u17ylf1ylz9.cloudfront.net/blazen-v1/fonts/fontawesome-webfontd41d.eot]
[d29u17ylf1ylz9.cloudfront.net/blazen-v1/fonts/fontawesome-webfont3e6e.woff2]
[d29u17ylf1ylz9.cloudfront.net/blazen-v1/fonts/fontawesome-webfont3e6e.woff]
[d29u17ylf1ylz9.cloudfront.net/blazen-v1/fonts/fontawesome-webfont3e6e.ttf]
[d29u17ylf1ylz9.cloudfront.net/blazen-v1/fonts/fontawesome-webfont3e6e.svg]
[d29u17ylf1ylz9.cloudfront.net/blazen-v1/css/plugins/font-awesome.min.css]
[d29u17ylf1ylz9.cloudfront.net/blazen-v1/images/ajax-loader.gif]
[d29u17ylf1ylz9.cloudfront.net/blazen-v1/fonts/slick.eot]
[d29u17ylf1ylz9.cloudfront.net/blazen-v1/fonts/slickd41d.eot]
[d29u17ylf1ylz9.cloudfront.net/blazen-v1/fonts/slick.woff]
[d29u17ylf1ylz9.cloudfront.net/blazen-v1/fonts/slick.ttf]
[d29u17ylf1ylz9.cloudfront.net/blazen-v1/fonts/slick.svg]
[d29u17ylf1ylz9.cloudfront.net/blazen-v1/css/plugins/slick.min.css]
[d29u17ylf1ylz9.cloudfront.net/blazen-v1/css/plugins/meanmenu.css]
[d29u17ylf1ylz9.cloudfront.net/blazen-v1/fonts/lgd641.eot]
[d29u17ylf1ylz9.cloudfront.net/blazen-v1/fonts/lgd41d.eot]
[d29u17ylf1ylz9.cloudfront.net/blazen-v1/fonts/lgd641.woff]
[d29u17ylf1ylz9.cloudfront.net/blazen-v1/fonts/lgd641.ttf]
[d29u17ylf1ylz9.cloudfront.net/blazen-v1/fonts/lgd641.svg]
[d29u17ylf1ylz9.cloudfront.net/blazen-v1/css/plugins/lightgallery.min.css]
[d29u17ylf1ylz9.cloudfront.net/blazen-v1/css/plugins/nice-select.css]
[d29u17ylf1ylz9.cloudfront.net/blazen-v1/fonts/Pe-icon-7-strokebb1d.eot]
[d29u17ylf1ylz9.cloudfront.net/blazen-v1/fonts/Pe-icon-7-stroked41d.eot]
[d29u17ylf1ylz9.cloudfront.net/blazen-v1/fonts/Pe-icon-7-strokebb1d.woff]
[d29u17ylf1ylz9.cloudfront.net/blazen-v1/fonts/Pe-icon-7-strokebb1d.ttf]
[d29u17ylf1ylz9.cloudfront.net/blazen-v1/fonts/Pe-icon-7-strokebb1d.svg]
[d29u17ylf1ylz9.cloudfront.net/blazen-v1/css/plugins/pe-icon-7-stroke.css]
[d29u17ylf1ylz9.cloudfront.net/blazen-v1/css/plugins/odometer-theme-default.css]
[d29u17ylf1ylz9.cloudfront.net/blazen-v1/images/bg/bg-image-8.jpg]
[d29u17ylf1ylz9.cloudfront.net/blazen-v1/images/bg/bg-image-9.jpg]
[d29u17ylf1ylz9.cloudfront.net/blazen-v1/images/bg/bg-image-10.jpg]
[d29u17ylf1ylz9.cloudfront.net/blazen-v1/images/bg/bg-image-11.jpg]
[d29u17ylf1ylz9.cloudfront.net/blazen-v1/images/bg/bg-image-12.jpg]
[d29u17ylf1ylz9.cloudfront.net/blazen-v1/images/bg/bg-image-13.jpg]
[d29u17ylf1ylz9.cloudfront.net/blazen-v1/images/bg/bg-image-14.jpg]
[d29u17ylf1ylz9.cloudfront.net/blazen-v1/images/bg/bg-image-15.jpg]
[d29u17ylf1ylz9.cloudfront.net/blazen-v1/images/bg/bg-image-16.jpg]
[d29u17ylf1ylz9.cloudfront.net/blazen-v1/images/bg/bg-image-17.jpg]
[d29u17ylf1ylz9.cloudfront.net/blazen-v1/images/bg/bg-image-18.jpg]
[d29u17ylf1ylz9.cloudfront.net/blazen-v1/images/bg/bg-image-19.jpg]
[d29u17ylf1ylz9.cloudfront.net/blazen-v1/images/bg/bg-image-20.jpg]
[d29u17ylf1ylz9.cloudfront.net/blazen-v1/images/bg/bg-breadcrumb-2.jpg]
[d29u17ylf1ylz9.cloudfront.net/blazen-v1/images/bg/bg-breadcrumb-3.jpg]
[d29u17ylf1ylz9.cloudfront.net/blazen-v1/images/bg/bg-breadcrumb-4.jpg]
[d29u17ylf1ylz9.cloudfront.net/blazen-v1/images/bg/bg-breadcrumb-5.jpg]
[d29u17ylf1ylz9.cloudfront.net/blazen-v1/images/bg/bg-breadcrumb-6.jpg]
[d29u17ylf1ylz9.cloudfront.net/blazen-v1/images/bg/bg-breadcrumb-7.jpg]
[d29u17ylf1ylz9.cloudfront.net/blazen-v1/images/bg/bg-breadcrumb-8.jpg]
[d29u17ylf1ylz9.cloudfront.net/blazen-v1/images/bg/bg-breadcrumb-9.jpg]
[d29u17ylf1ylz9.cloudfront.net/blazen-v1/images/bg/bg-breadcrumb-10.jpg]
[d29u17ylf1ylz9.cloudfront.net/blazen-v1/ABCDEFGHIJKLMNOPQRSTUVWXYZabcdefghijklmnopqrstuvwxyz0123456789+/index.html]
[d29u17ylf1ylz9.cloudfront.net/index.html]
[d29u17ylf1ylz9.cloudfront.net/blazen-v1/^([^_/indexd41d.html]
[d29u17ylf1ylz9.cloudfront.net/restserver.php]
[d29u17ylf1ylz9.cloudfront.net/blazen-v1/css/img/vimeo-play.png]
[d29u17ylf1ylz9.cloudfront.net/blazen-v1/css/img/video-play.png]
[d29u17ylf1ylz9.cloudfront.net/blazen-v1/css/img/youtube-play.png]
[d29u17ylf1ylz9.cloudfront.net/blazen-v1/css/img/loading.gif]
